<?xml version="1.0" encoding="UTF-8"?>
<TestRun id="648d10f3-818b-44ef-bcf6-f0d63a9c62c3" name="Roman@ROMAN-ALG 2013-08-02 15:37:57" runUser="ALG\Roman" xmlns="http://microsoft.com/schemas/VisualStudio/TeamTest/2010">
  <TestSettings name="Локальные" id="16cc96cd-b63d-4f10-b203-31a43844ff5b">
    <Description>Это - параметры по умолчанию для локального тестового запуска.</Description>
    <Deployment enabled="false" runDeploymentRoot="Roman_ROMAN-ALG 2013-08-02 15_37_57">
      <DeploymentItem filename="D:\Documents\Projects\Github\PollTechData\Eam.Client.Model.TechData\bin\Debug\Eam.Client.Model.TechData.dll" />
    </Deployment>
    <Execution>
      <TestTypeSpecific />
      <AgentRule name="Execution Agents">
      </AgentRule>
    </Execution>
  </TestSettings>
  <Times creation="2013-08-02T15:37:57.0838656+03:00" queuing="2013-08-02T15:37:57.1348685+03:00" start="2013-08-02T15:37:57.1448691+03:00" finish="2013-08-02T15:38:01.1390975+03:00" />
  <ResultSummary outcome="Failed">
    <Counters total="1" executed="1" error="0" failed="1" timeout="0" aborted="0" inconclusive="0" passedButRunAborted="0" notRunnable="0" notExecuted="0" disconnected="0" warning="0" passed="0" completed="0" inProgress="0" pending="0" />
  </ResultSummary>
  <TestDefinitions>
    <UnitTest name="InitProcessManager" storage="d:\documents\projects\github\polltechdata\unittestproject\bin\debug\unittestproject.dll" id="079a31cb-6b48-f9bf-65c7-00e217a36eed">
      <Execution id="c2008ee1-f882-4dd7-96f0-bd0223184eb4" />
      <TestMethod codeBase="D:/Documents/Projects/Github/PollTechData/UnitTestProject/bin/Debug/UnitTestProject.DLL" adapterTypeName="Microsoft.VisualStudio.TestTools.TestTypes.Unit.UnitTestAdapter, Microsoft.VisualStudio.QualityTools.Tips.UnitTest.Adapter, Version=10.0.0.0, Culture=neutral, PublicKeyToken=b03f5f7f11d50a3a" className="UnitTestProject.TDProcessManagerTests, UnitTestProject, Version=1.0.0.0, Culture=neutral, PublicKeyToken=null" name="InitProcessManager" />
    </UnitTest>
  </TestDefinitions>
  <TestLists>
    <TestList name="Отсутствующие в списке результаты" id="8c84fa94-04c1-424b-9868-57a2d4851a1d" />
    <TestList name="Все загруженные результаты" id="19431567-8539-422a-85d7-44ee4e166bda" />
  </TestLists>
  <TestEntries>
    <TestEntry testId="079a31cb-6b48-f9bf-65c7-00e217a36eed" executionId="c2008ee1-f882-4dd7-96f0-bd0223184eb4" testListId="8c84fa94-04c1-424b-9868-57a2d4851a1d" />
  </TestEntries>
  <Results>
    <UnitTestResult executionId="c2008ee1-f882-4dd7-96f0-bd0223184eb4" testId="079a31cb-6b48-f9bf-65c7-00e217a36eed" testName="InitProcessManager" computerName="ROMAN-ALG" duration="00:00:02.7724336" startTime="2013-08-02T15:37:57.1618701+03:00" endTime="2013-08-02T15:38:00.2490466+03:00" testType="13cdc9d9-ddb5-4fa4-a97d-d965ccfc6d4b" outcome="Failed" testListId="8c84fa94-04c1-424b-9868-57a2d4851a1d" relativeResultsDirectory="c2008ee1-f882-4dd7-96f0-bd0223184eb4">
      <Output>
        <ErrorInfo>
          <Message>Test method UnitTestProject.TDProcessManagerTests.InitProcessManager threw exception: 
System.NullReferenceException: Object reference not set to an instance of an object.</Message>
          <StackTrace>    at UnitTestProject.TDProcessManagerTests.InitProcessManager() in D:\Documents\Projects\Github\PollTechData\UnitTestProject\TDProcessManagerTests.cs:line 39
</StackTrace>
        </ErrorInfo>
      </Output>
    </UnitTestResult>
  </Results>
</TestRun>